// Jest Snapshot v1, https://goo.gl/fbAQLP

exports[`renames varable \`n\` to \`x\` 1`] = `
"function square(x) {
  return x * x;
}"
`;
