// Jest Snapshot v1, https://goo.gl/fbAQLP

exports[`replaces identifiers in a template 1`] = `"var myModule = require(\\"my-module\\");"`;
